0 0.0771125 54.0372 0.689395 -1
1 -0.0298537 58.8381 1.66264 0
2 0.0597651 63.8307 0.521298 1
3 0.00895278 69.7335 -1.836 2
4 -7.69432 72.9048 -2.74508 3
5 -17.6628 63.0138 -2.28659 4
6 -24.0157 57.9278 -0.424672 5
7 -28.244 51.5612 3.00156 6
8 -29.7787 51.5546 4.53986 7
9 -29.3494 51.364 3.05799 7
10 -30.2911 51.2564 2.96779 9
11 8.26171 72.4659 -2.79179 3
12 18.3187 62.5571 -2.1424 11
13 24.54 57.1539 0.409997 12
14 28.4016 51.6844 2.14788 13
15 29.8562 51.5547 3.86641 14
16 29.9649 51.102 2.2285 14
17 30.9921 50.8881 2.23215 16
18 -0.0199712 75.7423 -2.1554 3
19 0.0857103 82.1249 -0.965785 18
20 0.0823389 88.3229 -0.543025 19
21 -4.33813 48.2883 1.74227 0
22 -5.83338 27.1991 0.0262548 21
23 -6.59252 5.09622 -2.8671 22
24 -6.90467 1.56109 4.27684 23
25 -7.03534 1.24179 8.15983 24
26 4.23946 48.0842 1.76526 0
27 5.95302 27.4016 -0.0601125 26
28 6.48108 5.11565 -2.82231 27
29 6.98727 1.60113 4.02587 28
30 7.06775 1.19885 8.12585 29
